Open Watcom Make Version 2.0.1
Portions Copyright (c) 1988-2002 Sybase, Inc. All Rights Reserved.
Source code is available under the Sybase Open Watcom Public License.
See http://www.openwatcom.org/ for details.
	wcc386 -bt=os2 -bm -bd -5 -fpi -Oaxt -W3 -Isrc -Ih -fo=src\editcol.obj src\editcol.c
Open Watcom C32 Optimizing Compiler Version 2.0.1
Portions Copyright (c) 1984-2002 Sybase, Inc. All Rights Reserved.
Source code is available under the Sybase Open Watcom Public License.
See http://www.openwatcom.org/ for details.
src\editcol.c: 203 lines, included 11692, 0 warnings, 0 errors
Code size: 1259
	wrc -r -Isrc -Ih -fo=src\editcol.res src\editcol.rc
Open Watcom Windows and OS/2 Resource Compiler Version 2.0.1
Portions Copyright (c) 1993-2002 Sybase, Inc. All Rights Reserved.
Source code is available under the Sybase Open Watcom Public License.
See http://www.openwatcom.org/ for details.
	wlink system os2v2_dll initinstance name dll\EDITCOL.DLL 	    file src\editcol.obj 	    export WinEditColorDlg.1 	    option implib=lib\EDITCOL.LIB 	    option map=dll\EDITCOL.MAP
** EXPERIMENTAL (HLL) ** Open Watcom Linker Version 2.0.1
Portions Copyright (c) 1985-2002 Sybase, Inc. All Rights Reserved.
Source code is available under the Sybase Open Watcom Public License.
See http://www.openwatcom.org/ for details.
loading object files
searching libraries
creating map file
creating an OS/2 32-bit dynamic link library
	wrc -q src\editcol.res dll\EDITCOL.DLL
	wcc386 -bt=os2 -bm -5 -fpi -Oaxt -W3 -Ih -fo=sample\test.obj sample\test.c
Open Watcom C32 Optimizing Compiler Version 2.0.1
Portions Copyright (c) 1984-2002 Sybase, Inc. All Rights Reserved.
Source code is available under the Sybase Open Watcom Public License.
See http://www.openwatcom.org/ for details.
sample\test.c: 87 lines, included 12398, 0 warnings, 0 errors
Code size: 696
	wrc -r -Isample -fo=sample\test.res sample\test.rc
Open Watcom Windows and OS/2 Resource Compiler Version 2.0.1
Portions Copyright (c) 1993-2002 Sybase, Inc. All Rights Reserved.
Source code is available under the Sybase Open Watcom Public License.
See http://www.openwatcom.org/ for details.
	wlink system os2v2_pm name sample\TEST.EXE 	    file sample\test.obj 	    lib lib\EDITCOL.LIB 	    option stack=65536 	    option map=sample\TEST.MAP
** EXPERIMENTAL (HLL) ** Open Watcom Linker Version 2.0.1
Portions Copyright (c) 1985-2002 Sybase, Inc. All Rights Reserved.
Source code is available under the Sybase Open Watcom Public License.
See http://www.openwatcom.org/ for details.
loading object files
searching libraries
creating map file
creating an OS/2 32-bit Presentation Manager executable
	wrc -q sample\test.res sample\TEST.EXE
